Error while parsing `os.args`: args_to_options: flag parser failed finalizing: Unknown flag `--non-existing-flag`
Use `vab -h` to see all flags
